main.c:122:6:start_up	8	static
main.c:205:6:AlphaBeta_To_Angle_Vref	32	static
main.c:215:6:Angle_To_Sector	16	static
main.c:235:6:SVPWM	48	static
main.c:293:6:HAL_ADCEx_InjectedConvCpltCallback	16	static
main.c:401:6:HAL_GPIO_EXTI_Callback	16	static
main.c:438:6:HAL_TIM_PeriodElapsedCallback	16	static
main.c:451:6:HAL_TIM_IC_CaptureCallback	16	static
main.c:466:6:HAL_UART_RxCpltCallback	16	static
main.c:488:5:main	8	static
main.c:583:6:SystemClock_Config	152	static
main.c:639:6:Error_Handler	4	static
