main.c:122:6:start_up	8	static
main.c:200:6:AlphaBeta_To_Angle_Vref	32	static
main.c:210:6:Angle_To_Sector	16	static
main.c:230:6:SVPWM	48	static
main.c:288:6:HAL_ADCEx_InjectedConvCpltCallback	96	static
main.c:400:6:HAL_GPIO_EXTI_Callback	16	static
main.c:483:6:HAL_TIM_PeriodElapsedCallback	16	static
main.c:496:6:HAL_TIM_IC_CaptureCallback	16	static
main.c:511:6:HAL_UART_RxCpltCallback	16	static
main.c:533:5:main	8	static
main.c:628:6:SystemClock_Config	152	static
main.c:684:6:Error_Handler	4	static
